[dotenv@17.2.3] injecting env (3) from .env -- tip: ≡ƒôí add observability to secrets: https://dotenvx.com/ops
≡ƒÜÇ Testing Append-Only Logic (Duplicate IPC)...
≡ƒæë Inserting Row 1...
node : Γ¥î Fatal 
Error: error: null 
value in column 
"school_id" of 
relation 
"engineer_form" 
violates not-null 
constraint
At line:1 char:1
+ node 
test_fix_db.js > 
test_output.txt 2>&1
+ ~~~~~~~~~~~~~~~~~~~
~~~~~~~~~~~~~~~~~~~~~
~~
    + CategoryInfo   
           : NotSpe  
  cified: (Γ¥î Fat   
 al Error...null     
constraint:Strin    
g) [], RemoteExc    
eption
    + FullyQualified 
   ErrorId : Native  
  CommandError
 
    at C:\Users\Klein
ZebastianCatapa\Docum
ents\InsightEd-Mobile
-PWA-1\node_modules\p
g\lib\client.js:545:1
7
    at process.proces
sTicksAndRejections (
node:internal/process
/task_queues:105:5)
    at async file:///
C:/Users/KleinZebasti
anCatapa/Documents/In
sightEd-Mobile-PWA-1/
test_fix_db.js:21:9 {
  length: 398,
  severity: 'ERROR',
  code: '23502',
  detail: 'Failing 
row contains (135, 
Test Project, Test 
School, null, null, 
null, Old Status, 0, 
null, null, null, 
null, null, 0.00, 
null, null, 
2026-01-30 
07:06:03.647891, 
null, Pending, null, 
null, TEST-IPC-001, 
null).',
  hint: undefined,
  position: 
undefined,
  internalPosition: 
undefined,
  internalQuery: 
undefined,
  where: undefined,
  schema: 'public',
  table: 
'engineer_form',
  column: 
'school_id',
  dataType: 
undefined,
  constraint: 
undefined,
  file: 'execMain.c',
  line: '2032',
  routine: 
'ExecConstraints'
}
